---
source: src/web/resolver.rs
assertion_line: 126
expression: resolved.metadata
---
{
  "contentType": "application/did+ld+json",
  "did": {
    "didString": "did:web:demo.credibil.io",
    "method": "web",
    "methodSpecificId": "demo.credibil.io"
  },
  "pattern": "^did:web:(?<identifier>[a-zA-Z0-9.\\-:\\%]+)$"
}
