---
source: didcore/src/document/mod.rs
assertion_line: 399
expression: s
---
"{\"id\":\"did:example:123\",\"@context\":[\"https://www.w3.org/ns/did/v1\",\"https://w3id.org/security/suites/ed25519-2020/v1\"],\"verificationMethod\":[{\"id\":\"did:example:123#key-0\",\"type\":\"JsonWebKey2020\",\"controller\":\"did:example:123\",\"publicKeyJwk\":{\"kty\":\"OKP\",\"crv\":\"Ed25519\",\"x\":\"VCpo2LMLhn6iWku8MKvSLg2ZAoC-nlOyPVQaO3FxVeQ\"}}],\"service\":[{\"id\":\"did:example:123#vcs\",\"type\":\"VerifiableCredentialService\",\"serviceEndpoint\":\"https://example.com/vc/\"},{\"id\":\"did:example:123#wibble\",\"type\":\"WibbleService\",\"serviceEndpoint\":[\"https://example.com/wibbleThing/\",{\"mappyThing\":[\"https://example.com/mappyThing/\"]}]}]}"

