---
source: did-core/src/document/mod.rs
assertion_line: 347
expression: s
---
"{\"@context\":[\"https://www.w3.org/ns/did/v1\",\"https://w3id.org/security/suites/ed25519-2020/v1\"],\"assertionMethod\":[{\"controller\":\"did:example:123\",\"id\":\"did:example:123#z6MkiukuAuQAE8ozxvmahnQGzApvtW7KT5XXKfojjwbdEomY\",\"publicKeyMultibase\":\"z5TVraf9itbKXrRvt2DSS95Gw4vqU3CHAdetoufdcKazA\",\"type\":\"Ed25519VerificationKey2020\"}],\"authentication\":[{\"controller\":\"did:example:123\",\"id\":\"did:example:123#z6MkecaLyHuYWkayBDLw5ihndj3T1m6zKTGqau3A51G7RBf3\",\"publicKeyMultibase\":\"zAKJP3f7BD6W4iWEQ9jwndVTCBq8ua2Utt8EEjJ6Vxsf\",\"type\":\"Ed25519VerificationKey2020\"}],\"capabilityDelegation\":[{\"controller\":\"did:example:123\",\"id\":\"did:example:123#z6Mkw94ByR26zMSkNdCUi6FNRsWnc2DFEeDXyBGJ5KTzSWyi\",\"publicKeyMultibase\":\"zHgo9PAmfeoxHG8Mn2XHXamxnnSwPpkyBHAMNF3VyXJCL\",\"type\":\"Ed25519VerificationKey2020\"}],\"capabilityInvocation\":[{\"controller\":\"did:example:123\",\"id\":\"did:example:123#z6MkhdmzFu659ZJ4XKj31vtEDmjvsi5yDZG5L7Caz63oP39k\",\"publicKeyMultibase\":\"z4BWwfeqdp1obQptLLMvPNgBw48p7og1ie6Hf9p5nTpNN\",\"type\":\"Ed25519VerificationKey2020\"}],\"id\":\"did:example:123\"}"

