---
source: did-core/src/document/service.rs
assertion_line: 306
expression: doc
---
service:
  - id: "did:example:123456789abcdefghi#openid"
    type: OpenIdConnectVersion1.0Service
    serviceEndpoint:
      origin:
        - "https://openid.example.com/"

