---
source: did-core/src/document/context.rs
assertion_line: 200
expression: doc
---
"@context":
  - "@base": "https://example.com/keys/"

