---
source: did-core/src/document/service.rs
assertion_line: 321
expression: doc
---
service:
  - id: "did:example:123456789abcdefghi#openid"
    type: OpenIdConnectVersion1.0Service
    serviceEndpoint:
      - "https://openid.example.com/"
      - "https://auth.example.com/"

