---
source: vercre-didcore/src/document/service.rs
assertion_line: 366
expression: doc
---
service:
  - id: "did:example:123456789abcdefghi#openid"
    type: OpenIdConnectVersion1.0Service
    serviceEndpoint:
      - "https://openid.example.com/"
      - alt:
          - "https://auth.example.com/"
        origin:
          - "https://openid.example.com/"

