---
source: vercre-didcore/src/document/context.rs
assertion_line: 175
expression: doc
---
"@context": "https://www.w3.org/ns/did/v1"

