---
source: vercre-didcore/src/document/mod.rs
assertion_line: 348
expression: doc
---
id: "did:example:123"
"@context":
  - "https://www.w3.org/ns/did/v1"
  - "https://w3id.org/security/suites/jws-2020/v1"
  - "@base": "https://example.com/keys/"
verificationMethod:
  - id: "did:example:123#key-0"
    type: JsonWebKey2020
    controller: "did:example:123"
    publicKeyJwk:
      kty: OKP
      crv: Ed25519
      x: VCpo2LMLhn6iWku8MKvSLg2ZAoC-nlOyPVQaO3FxVeQ
  - id: "did:example:123#key-1"
    type: JsonWebKey2020
    controller: "did:example:123"
    publicKeyJwk:
      kty: OKP
      crv: X25519
      x: pE_mG098rdQjY3MKK2D5SUQ6ZOEW3a6Z6T7Z4SgnzCE
  - id: "did:example:123#key-2"
    type: JsonWebKey2020
    controller: "did:example:123"
    publicKeyJwk:
      kty: EC
      crv: secp256k1
      x: Z4Y3NNOxv0J6tCgqOBFnHnaZhJF6LdulT7z8A-2D5_8
      y: i5a2NtJoUKXkLm6q8nOEu9WOkso1Ag6FTUT6k_LMnGk
  - id: "did:example:123#key-3"
    type: JsonWebKey2020
    controller: "did:example:123"
    publicKeyJwk:
      kty: EC
      crv: secp256k1
      x: U1V4TVZVMUpUa0ZVU1NBcU9CRm5IbmFaaEpGNkxkdWx
      y: i5a2NtJoUKXkLm6q8nOEu9WOkso1Ag6FTUT6k_LMnGk
  - id: "did:example:123#key-4"
    type: JsonWebKey2020
    controller: "did:example:123"
    publicKeyJwk:
      kty: EC
      crv: P-256
      x: Ums5WVgwRkRTVVFnU3k5c2xvZllMbEcwM3NPRW91ZzN
      y: nDQW6XZ7b_u2Sy9slofYLlG03sOEoug3I0aAPQ0exs4
  - id: "did:example:123#key-5"
    type: JsonWebKey2020
    controller: "did:example:123"
    publicKeyJwk:
      kty: EC
      crv: P-384
      x: VUZKSlUwMGdpSXplekRwODhzX2N4U1BYdHVYWUZsaXVDR25kZ1U0UXA4bDkxeHpE
      y: jq4QoAHKiIzezDp88s_cxSPXtuXYFliuCGndgU4Qp8l91xzD1spCmFIzQgVjqvcP
authentication:
  - "did:example:123#key-0"
assertionMethod:
  - "did:example:123#key-1"
  - "did:example:123#key-5"
service:
  - id: "did:example:123#vcs"
    type: VerifiableCredentialService
    serviceEndpoint: "https://example.com/vc/"
  - id: "did:example:123#wibble"
    type: WibbleService
    serviceEndpoint:
      origins:
        - "https://example.com/"
  - id: "did:example:123#wobble"
    type: WobbleService
    serviceEndpoint:
      - origins:
          - "https://example.com/"
          - "https://api.example.com/"
      - "https://example.com/wobble/"
      - "https://api.example.com/wobble/"

