---
source: src/webvh/resolve.rs
assertion_line: 174
expression: dereferenced
---
{
  "metadata": {
    "contentType": "application/did+ld+json"
  },
  "contentStream": {
    "VerificationMethod": {
      "id": "did:webvh:QmaJp6pmb6RUk4oaDyWQcjeqYbvxsc3kvmHWPpz7B5JwDU:credibil.io#z6MkijyunEqPi7hzgJirb4tQLjztCPbJeeZvXEySuzbY6MLv",
      "controller": "did:webvh:QmaJp6pmb6RUk4oaDyWQcjeqYbvxsc3kvmHWPpz7B5JwDU:credibil.io",
      "type": "Multikey",
      "publicKeyMultibase": "z6MkijyunEqPi7hzgJirb4tQLjztCPbJeeZvXEySuzbY6MLv"
    }
  },
  "contentMetadata": {}
}
