---
source: src/operation/resolve.rs
assertion_line: 326
expression: dereferenced
---
{
  "metadata": {
    "contentType": "application/did+ld+json"
  },
  "contentStream": {
    "VerificationMethod": {
      "id": "did:key:z6MkhaXgBZDvotDkL5257faiztiGiC2QtKLGpbnnEGta2doK#z6MkhaXgBZDvotDkL5257faiztiGiC2QtKLGpbnnEGta2doK",
      "type": "Multikey",
      "controller": "did:key:z6MkhaXgBZDvotDkL5257faiztiGiC2QtKLGpbnnEGta2doK",
      "publicKeyMultibase": "z6MkhaXgBZDvotDkL5257faiztiGiC2QtKLGpbnnEGta2doK"
    }
  },
  "contentMetadata": {}
}
